// Jest Snapshot v1, https://goo.gl/fbAQLP

exports[`<Autocomplete /> renders 1`] = `
<div>
  <div
    class="input-field col"
  >
    <input
      class="autocomplete"
      id="Autocomplete-mockId"
      type="text"
    />
    <label
      for="Autocomplete-mockId"
    >
      Test Title
    </label>
  </div>
</div>
`;
