// Jest Snapshot v1, https://goo.gl/fbAQLP

exports[`<Breadcrumb /> renders 1`] = `
<div>
  <nav
    class="row blue"
  >
    <div
      class="nav-wrapper"
    >
      <div
        class="col s6"
      >
        <a
          class="breadcrumb"
          href="#"
        >
          Home
        </a>
        <a
          class="breadcrumb"
          href="#"
        >
          Login
        </a>
      </div>
    </div>
  </nav>
</div>
`;
