// Jest Snapshot v1, https://goo.gl/fbAQLP

exports[`<Card /> renders 1`] = `
<div>
  <div
    class="blue-grey darken-1 card"
  >
    <div
      class="card-content white-text"
    >
      <span
        class="card-title"
      >
        card title
      </span>
      <div>
        I am a very simple card
      </div>
    </div>
    <div
      class="card-reveal"
    >
      <span
        class="card-title"
      >
        card title
        <i
          class="material-icons right"
        >
          close
        </i>
      </span>
    </div>
  </div>
</div>
`;
