// Jest Snapshot v1, https://goo.gl/fbAQLP

exports[`<MediaBox /> renders 1`] = `
<MediaBox
  caption="A demo media box1"
  className="more"
  options={
    Object {
      "inDuration": 275,
      "onCloseEnd": null,
      "onCloseStart": null,
      "onOpenEnd": null,
      "onOpenStart": null,
      "outDuration": 200,
    }
  }
  width="650"
>
  <img
    alt=""
    className="materialboxed more"
    data-caption="A demo media box1"
    id="mediaboxmockId"
    src="image.jpg"
    width="650"
  />
</MediaBox>
`;
