// Jest Snapshot v1, https://goo.gl/fbAQLP

exports[`<Switch /> renders 1`] = `
<div
  className="switch"
>
  <label
    htmlFor="Switch-mockId"
  >
    Off
    <input
      id="Switch-mockId"
      onChange={[Function]}
      type="checkbox"
    />
    <span
      className="lever"
    />
    On
  </label>
</div>
`;
