// Jest Snapshot v1, https://goo.gl/fbAQLP

exports[`<Switch /> renders 1`] = `
<div>
  <div
    class="switch"
  >
    <label
      for="Switch-mockId"
    >
      Off
      <input
        id="Switch-mockId"
        type="checkbox"
      />
      <span
        class="lever"
      />
      On
    </label>
  </div>
</div>
`;
