// Jest Snapshot v1, https://goo.gl/fbAQLP

exports[`<Table /> renders 1`] = `
<div>
  <table
    class="centered highlight responsive-table striped"
  >
    <tbody>
      <tr>
        <td>
          foo
        </td>
        <td>
          bar
        </td>
      </tr>
    </tbody>
  </table>
</div>
`;
