// Jest Snapshot v1, https://goo.gl/fbAQLP

exports[`Tabs should create list of Tab items 1`] = `
<Fragment>
  <ul
    className="tabs"
  >
    <Component
      tabs={true}
    />
  </ul>
  <Row>
    <Component
      content={true}
    />
  </Row>
</Fragment>
`;

exports[`Tabs should create list of Tab items with Idx 1`] = `
<Fragment>
  <ul
    className="tabs"
  >
    <Component
      tabs={true}
    />
  </ul>
  <Row>
    <Component
      content={true}
    />
  </Row>
</Fragment>
`;
