// Jest Snapshot v1, https://goo.gl/fbAQLP

exports[`Tabs should create list of Tab items 1`] = `
<div>
  <ul
    class="tabs"
  >
    <li
      class="tab col"
    >
      <a
        class=""
        href="#tab_tabs-mockId0"
      >
        one
      </a>
    </li>
    <li
      class="tab col"
    >
      <a
        class=""
        href="#tab_tabs-mockId1"
      >
        Two
      </a>
    </li>
  </ul>
  <div
    class="row"
  >
    <div
      class="col s12"
      id="tab_tabs-mockId0"
    >
      One
    </div>
    <div
      class="col s12"
      id="tab_tabs-mockId1"
    >
      Two
    </div>
  </div>
</div>
`;
